src/components/editor/PreviewFrame.tsx(67,50): error TS2322: Type '{ preview: boolean; }' is not assignable to type 'IntrinsicAttributes & PublicPortfolioPageProps'.
  Property 'preview' does not exist on type 'IntrinsicAttributes & PublicPortfolioPageProps'.
src/templates/AppleDesktopTemplate.tsx(87,36): error TS2339: Property 'avatar_url' does not exist on type 'PortfolioData'.
src/templates/AppleDesktopTemplate.tsx(88,48): error TS2339: Property 'avatar_url' does not exist on type 'PortfolioData'.
src/templates/AppleDesktopTemplate.tsx(95,33): error TS2339: Property 'headline' does not exist on type 'ParsedResumeData'.
src/templates/AppleDesktopTemplate.tsx(100,33): error TS2339: Property 'contact' does not exist on type 'ParsedResumeData'.
src/templates/AppleDesktopTemplate.tsx(103,59): error TS2339: Property 'contact' does not exist on type 'ParsedResumeData'.
src/templates/AppleDesktopTemplate.tsx(103,117): error TS2339: Property 'contact' does not exist on type 'ParsedResumeData'.
src/templates/AppleDesktopTemplate.tsx(106,33): error TS2339: Property 'contact' does not exist on type 'ParsedResumeData'.
src/templates/AppleDesktopTemplate.tsx(109,47): error TS2339: Property 'contact' does not exist on type 'ParsedResumeData'.
src/templates/AppleDesktopTemplate.tsx(112,33): error TS2339: Property 'contact' does not exist on type 'ParsedResumeData'.
src/templates/AppleDesktopTemplate.tsx(115,47): error TS2339: Property 'contact' does not exist on type 'ParsedResumeData'.
src/templates/AppleDesktopTemplate.tsx(118,33): error TS2339: Property 'contact' does not exist on type 'ParsedResumeData'.
src/templates/AppleDesktopTemplate.tsx(121,49): error TS2339: Property 'contact' does not exist on type 'ParsedResumeData'.
src/templates/BauhausTemplate.tsx(35,105): error TS2339: Property 'headline' does not exist on type 'ParsedResumeData'.
src/templates/BauhausTemplate.tsx(40,32): error TS2339: Property 'avatar_url' does not exist on type 'PortfolioData'.
src/templates/BauhausTemplate.tsx(42,48): error TS2339: Property 'avatar_url' does not exist on type 'PortfolioData'.
src/templates/BauhausTemplate.tsx(47,33): error TS2339: Property 'contact' does not exist on type 'ParsedResumeData'.
src/templates/BauhausTemplate.tsx(47,73): error TS2339: Property 'contact' does not exist on type 'ParsedResumeData'.
src/templates/BauhausTemplate.tsx(47,223): error TS2339: Property 'contact' does not exist on type 'ParsedResumeData'.
src/templates/BauhausTemplate.tsx(48,33): error TS2339: Property 'contact' does not exist on type 'ParsedResumeData'.
src/templates/BauhausTemplate.tsx(48,138): error TS2339: Property 'contact' does not exist on type 'ParsedResumeData'.
src/templates/BauhausTemplate.tsx(49,33): error TS2339: Property 'contact' does not exist on type 'ParsedResumeData'.
src/templates/BauhausTemplate.tsx(49,142): error TS2339: Property 'contact' does not exist on type 'ParsedResumeData'.
src/templates/BauhausTemplate.tsx(50,33): error TS2339: Property 'contact' does not exist on type 'ParsedResumeData'.
src/templates/BauhausTemplate.tsx(50,66): error TS2339: Property 'contact' does not exist on type 'ParsedResumeData'.
src/templates/BioLinkTemplate.tsx(34,76): error TS2339: Property 'headline' does not exist on type 'ParsedResumeData'.
src/templates/BioLinkTemplate.tsx(44,28): error TS2339: Property 'avatar_url' does not exist on type 'PortfolioData'.
src/templates/BioLinkTemplate.tsx(46,44): error TS2339: Property 'avatar_url' does not exist on type 'PortfolioData'.
src/templates/BioLinkTemplate.tsx(55,81): error TS2339: Property 'headline' does not exist on type 'ParsedResumeData'.
src/templates/BioLinkTemplate.tsx(59,29): error TS2339: Property 'contact' does not exist on type 'ParsedResumeData'.
src/templates/BioLinkTemplate.tsx(60,51): error TS2339: Property 'contact' does not exist on type 'ParsedResumeData'.
src/templates/BioLinkTemplate.tsx(64,29): error TS2339: Property 'contact' does not exist on type 'ParsedResumeData'.
src/templates/BioLinkTemplate.tsx(65,48): error TS2339: Property 'contact' does not exist on type 'ParsedResumeData'.
src/templates/BioLinkTemplate.tsx(69,29): error TS2339: Property 'contact' does not exist on type 'ParsedResumeData'.
src/templates/BioLinkTemplate.tsx(70,41): error TS2339: Property 'contact' does not exist on type 'ParsedResumeData'.
src/templates/BioLinkTemplate.tsx(74,29): error TS2339: Property 'contact' does not exist on type 'ParsedResumeData'.
src/templates/CyberpunkTemplate.tsx(65,37): error TS2339: Property 'headline' does not exist on type 'ParsedResumeData'.
src/templates/CyberpunkTemplate.tsx(76,37): error TS2339: Property 'contact' does not exist on type 'ParsedResumeData'.
src/templates/CyberpunkTemplate.tsx(76,236): error TS2339: Property 'contact' does not exist on type 'ParsedResumeData'.
src/templates/CyberpunkTemplate.tsx(77,37): error TS2339: Property 'contact' does not exist on type 'ParsedResumeData'.
src/templates/CyberpunkTemplate.tsx(77,237): error TS2339: Property 'contact' does not exist on type 'ParsedResumeData'.
src/templates/CyberpunkTemplate.tsx(78,37): error TS2339: Property 'contact' does not exist on type 'ParsedResumeData'.
src/templates/CyberpunkTemplate.tsx(78,241): error TS2339: Property 'contact' does not exist on type 'ParsedResumeData'.
src/templates/CyberpunkTemplate.tsx(79,37): error TS2339: Property 'contact' does not exist on type 'ParsedResumeData'.
src/templates/CyberpunkTemplate.tsx(79,178): error TS2339: Property 'contact' does not exist on type 'ParsedResumeData'.
src/templates/CyberpunkTemplate.tsx(83,32): error TS2339: Property 'avatar_url' does not exist on type 'PortfolioData'.
src/templates/CyberpunkTemplate.tsx(88,52): error TS2339: Property 'avatar_url' does not exist on type 'PortfolioData'.
src/templates/MaterialAppTemplate.tsx(39,24): error TS2339: Property 'avatar_url' does not exist on type 'PortfolioData'.
src/templates/MaterialAppTemplate.tsx(41,40): error TS2339: Property 'avatar_url' does not exist on type 'PortfolioData'.
src/templates/MaterialAppTemplate.tsx(76,41): error TS2339: Property 'avatar_url' does not exist on type 'PortfolioData'.
src/templates/MaterialAppTemplate.tsx(81,55): error TS2339: Property 'avatar_url' does not exist on type 'PortfolioData'.
src/templates/MaterialAppTemplate.tsx(83,104): error TS2339: Property 'headline' does not exist on type 'ParsedResumeData'.
src/templates/MaterialAppTemplate.tsx(92,37): error TS2339: Property 'contact' does not exist on type 'ParsedResumeData'.
src/templates/MaterialAppTemplate.tsx(97,63): error TS2339: Property 'contact' does not exist on type 'ParsedResumeData'.
src/templates/MaterialAppTemplate.tsx(97,112): error TS2339: Property 'contact' does not exist on type 'ParsedResumeData'.
src/templates/MaterialAppTemplate.tsx(100,37): error TS2339: Property 'contact' does not exist on type 'ParsedResumeData'.
src/templates/MaterialAppTemplate.tsx(105,51): error TS2339: Property 'contact' does not exist on type 'ParsedResumeData'.
src/templates/MaterialAppTemplate.tsx(108,37): error TS2339: Property 'contact' does not exist on type 'ParsedResumeData'.
src/templates/MaterialAppTemplate.tsx(113,51): error TS2339: Property 'contact' does not exist on type 'ParsedResumeData'.
src/templates/MaterialAppTemplate.tsx(116,37): error TS2339: Property 'contact' does not exist on type 'ParsedResumeData'.
src/templates/MaterialAppTemplate.tsx(121,53): error TS2339: Property 'contact' does not exist on type 'ParsedResumeData'.
src/templates/MaterialAppTemplate.tsx(241,17): error TS2339: Property 'contact' does not exist on type 'ParsedResumeData'.
src/templates/MaterialAppTemplate.tsx(243,40): error TS2339: Property 'contact' does not exist on type 'ParsedResumeData'.
